09:28:08 **** Incremental Build of configuration Debug for project SETTING2 ****
make -j20 all 
arm-none-eabi-gcc "../Core/Src/fsm_manual.c" -mcpu=cortex-m3 -std=gnu11 -g3 -DDEBUG -DUSE_HAL_DRIVER -DSTM32F103x6 -c -I../Core/Inc -I../Drivers/STM32F1xx_HAL_Driver/Inc -I../Drivers/STM32F1xx_HAL_Driver/Inc/Legacy -I../Drivers/CMSIS/Device/ST/STM32F1xx/Include -I../Drivers/CMSIS/Include -O0 -ffunction-sections -fdata-sections -Wall -fstack-usage -MMD -MP -MF"Core/Src/fsm_manual.d" -MT"Core/Src/fsm_manual.o" --specs=nano.specs -mfloat-abi=soft -mthumb -o "Core/Src/fsm_manual.o"
../Core/Src/fsm_manual.c: In function 'fsm_manual':
../Core/Src/fsm_manual.c:28:4: warning: implicit declaration of function 'Reset' [-Wimplicit-function-declaration]
   28 |    Reset();
      |    ^~~~~
arm-none-eabi-gcc -o "SETTING2.elf" @"objects.list"   -mcpu=cortex-m3 -T"D:\VXL_3\SETTING2\STM32F103C6TX_FLASH.ld" --specs=nosys.specs -Wl,-Map="SETTING2.map" -Wl,--gc-sections -static --specs=nano.specs -mfloat-abi=soft -mthumb -Wl,--start-group -lc -lm -Wl,--end-group
Finished building target: SETTING2.elf
 
arm-none-eabi-size   SETTING2.elf 
arm-none-eabi-objdump -h -S  SETTING2.elf  > "SETTING2.list"
arm-none-eabi-objcopy  -O ihex  SETTING2.elf  "SETTING2.hex"
   text	   data	    bss	    dec	    hex	filename
  12312	    172	   1772	  14256	   37b0	SETTING2.elf
arm-none-eabi-objcopy  -O binary  SETTING2.elf  "SETTING2.bin"
Finished building: default.size.stdout
 
Finished building: SETTING2.hex
Finished building: SETTING2.bin
 
 
Finished building: SETTING2.list
 
